Coco/R - Compiler-Compiler V1.54 (for Pascal)
Turbo Pascal version by Pohlers Volker/Terry Pat 2018.161
Source file: test.atg

Grammar Tests:

Deletable symbols:
     statementSeq
Undefined nonterminals:   -- none --
Unreachable nonterminals: -- none --
Circular derivations:     -- none --
Underivable nonterminals: -- none --
LL(1) conditions:
 LL(1) error in usingClause: ident is the start & successor of a deletable structure

Listing:

    1  COMPILER Language
    2  
    3  
    4  CHARACTERS
    5  
    6  letter   = "ABCDEFGHIJKLMNOPQRSTUVWXYZabcdefghijklmnopqrstuvwxyz" .
    7  digit = "0123456789" .
    8    tab      = CHR(9) .
    9    lf       = CHR(10) .
   10    eol      = CHR(13) .
   11  
   12  IGNORE
   13    tab + eol + lf
   14  
   15  TOKENS
   16  
   17  ident = letter {letter | digit} .
   18  
   19  
   20  PRODUCTIONS
   21  
   22  Language =  prg name ";" usingClause bgn [repeatStatement] end name "." .
   23  prg   = "PROGRAM" .
   24  name  = ident .
   25  bgn   = "BEGIN" .
   26  
   27  usingClause = using [ ident "=" ] qualident ";" .
   28  
   29  
   30  using = "using" .
   31  
   32  qualident = ident { "." ident } .
   33  
   34  repeatStatement = repeat statementSeq until tailRepeatStatement  .
   35  tailRepeatStatement = until condition | forever .
   36  repeat = "REPEAT" .
   37  statementSeq = {statement} .
   38  statement = ifStatement | otherStatement .
   39  ifStatement = if condition then statement ifTail .
   40  ifTail = else statement endif | endif  .
   41  otherStatement = "otherstatement" .
   42  until  = "UNTIL" .
   43  condition = "CONDITION" .
   44  forever = "FOREVER" .
   45  if = "IF" .
   46  then = "THEN" .
   47  else = "ELSE" .
   48  endif = "ENDIF" .
   49  end   = "END" .
   50  
   51  END Language.

    0 errors


Statistics:

  nr of terminals:        19 (limit   256)
  nr of non-terminals:    23 (limit   130)
  nr of pragmas:           0 (limit   381)
  nr of symbolnodes:      42 (limit   400)
  nr of graphnodes:       62 (limit  1500)
  nr of conditionsets:     1 (limit   100)
  nr of charactersets:     6 (limit   250)


