Coco/R - Compiler-Compiler V1.54 (for Pascal)
Turbo Pascal version by Pohlers Volker/Terry Pat 2018.161
Source file: test.atg

Grammar Tests:

Deletable symbols:
     statementSeq
Undefined nonterminals:   -- none --
Unreachable nonterminals: -- none --
Circular derivations:     -- none --
Underivable nonterminals: -- none --
LL(1) conditions:         --  ok  --

Listing:

    1  COMPILER Language
    2  
    3  
    4  CHARACTERS
    5  
    6  letter   = "ABCDEFGHIJKLMNOPQRSTUVWXYZabcdefghijklmnopqrstuvwxyz" .
    7  digit = "0123456789" .
    8    tab      = CHR(9) .
    9    lf       = CHR(10) .
   10    eol      = CHR(13) .
   11  
   12  IGNORE
   13    tab + eol + lf
   14  
   15  TOKENS
   16  
   17  ident = letter {letter | digit} .
   18  
   19  
   20  PRODUCTIONS
   21  
   22  Language =  prg name ";" usingClause bgn [repeatStatement] end name "." .
   23  prg   = "PROGRAM" .
   24  name  = ident .
   25  bgn   = "BEGIN" .
   26  
   27  usingClause = using ident ( { "." ident }
   28                            | "=" qualident 
   29                            ) ";" .
   30  
   31  
   32  using = "using" .
   33  
   34  qualident = ident { "." ident } .
   35  
   36  repeatStatement = repeat statementSeq until tailRepeatStatement  .
   37  tailRepeatStatement = until condition | forever .
   38  repeat = "REPEAT" .
   39  statementSeq = {statement} .
   40  statement = ifStatement | otherStatement .
   41  ifStatement = if condition then statement ifTail .
   42  ifTail = else statement endif | endif  .
   43  otherStatement = "otherstatement" .
   44  until  = "UNTIL" .
   45  condition = "CONDITION" .
   46  forever = "FOREVER" .
   47  if = "IF" .
   48  then = "THEN" .
   49  else = "ELSE" .
   50  endif = "ENDIF" .
   51  end   = "END" .
   52  
   53  END Language.

    0 errors


Statistics:

  nr of terminals:        19 (limit   256)
  nr of non-terminals:    23 (limit   130)
  nr of pragmas:           0 (limit   381)
  nr of symbolnodes:      42 (limit   400)
  nr of graphnodes:       66 (limit  1500)
  nr of conditionsets:     1 (limit   100)
  nr of charactersets:     6 (limit   250)


